<?xml version="1.0" encoding="utf-8"?>
<shfbBuild product="Sandcastle Help File Builder and Tools" version="2022.10.15.0" projectFile="C:\Users\michaelb\source\repos\JsonDOM\Documentation1\Documentation1.shfbproj" started="10/05/2026 12:22:56">
<buildStep step="Initializing">
The Sandcastle tools are located in &#39;C:\Program Files (x86)\EWSoftware\Sandcastle Help File Builder&#39;
Locating components in the following folder(s):
    C:\Users\michaelb\source\repos\JsonDOM\Documentation1
    C:\ProgramData\EWSoftware\Sandcastle Help File Builder\Components and Plug-Ins
    C:\Program Files (x86)\EWSoftware\Sandcastle Help File Builder\Components
Using framework reflection data for &#39;.NET Core/.NET Standard/.NET 5.0+&#39; located in &#39;C:\Program Files (x86)\EWSoftware\Sandcastle Help File Builder\Data\.NET&#39;
Using presentation style &#39;Default2022&#39; located in &#39;C:\Program Files (x86)\EWSoftware\Sandcastle Help File Builder\Components\Default2022&#39;
Loading and initializing plug-ins...
Website Table of Contents Generator Version 2022.10.15.0
Copyright &#169; 2006-2022, Eric Woodruff, All Rights Reserved
-------------------------------
Clearing any prior web/markdown output...
    Did not delete folder &#39;C:\Users\michaelb\source\repos\JsonDOM\Documentation1\Help\.git&#39; as it contains read-only or hidden folders/files
</buildStep>
<buildStep step="ValidatingDocumentationSources">
Validating and copying documentation source information
Source: C:\Users\michaelb\source\repos\JsonDOM\JsonDOM\JsonDOM.csproj
    Found project &#39;C:\Users\michaelb\source\repos\JsonDOM\JsonDOM\JsonDOM.csproj&#39;

Parsing project files
    Found assembly &#39;C:\Users\michaelb\source\repos\JsonDOM\JsonDOM\bin\Release\netstandard2.0\JsonDOM.dll&#39; (.NETStandard 2.0)

References to include:
    C:\Users\michaelb\.nuget\packages\netstandard.library\2.0.3\build\netstandard2.0\ref\Microsoft.Win32.Primitives.dll
    C:\Users\michaelb\.nuget\packages\netstandard.library\2.0.3\build\netstandard2.0\ref\mscorlib.dll
    C:\Users\michaelb\.nuget\packages\netstandard.library\2.0.3\build\netstandard2.0\ref\netstandard.dll
    C:\Users\michaelb\.nuget\packages\netstandard.library\2.0.3\build\netstandard2.0\ref\System.AppContext.dll
    C:\Users\michaelb\.nuget\packages\netstandard.library\2.0.3\build\netstandard2.0\ref\System.Collections.Concurrent.dll
    C:\Users\michaelb\.nuget\packages\netstandard.library\2.0.3\build\netstandard2.0\ref\System.Collections.dll
    C:\Users\michaelb\.nuget\packages\netstandard.library\2.0.3\build\netstandard2.0\ref\System.Collections.NonGeneric.dll
    C:\Users\michaelb\.nuget\packages\netstandard.library\2.0.3\build\netstandard2.0\ref\System.Collections.Specialized.dll
    C:\Users\michaelb\.nuget\packages\netstandard.library\2.0.3\build\netstandard2.0\ref\System.ComponentModel.Composition.dll
    C:\Users\michaelb\.nuget\packages\netstandard.library\2.0.3\build\netstandard2.0\ref\System.ComponentModel.dll
    C:\Users\michaelb\.nuget\packages\netstandard.library\2.0.3\build\netstandard2.0\ref\System.ComponentModel.EventBasedAsync.dll
    C:\Users\michaelb\.nuget\packages\netstandard.library\2.0.3\build\netstandard2.0\ref\System.ComponentModel.Primitives.dll
    C:\Users\michaelb\.nuget\packages\netstandard.library\2.0.3\build\netstandard2.0\ref\System.ComponentModel.TypeConverter.dll
    C:\Users\michaelb\.nuget\packages\netstandard.library\2.0.3\build\netstandard2.0\ref\System.Console.dll
    C:\Users\michaelb\.nuget\packages\netstandard.library\2.0.3\build\netstandard2.0\ref\System.Core.dll
    C:\Users\michaelb\.nuget\packages\netstandard.library\2.0.3\build\netstandard2.0\ref\System.Data.Common.dll
    C:\Users\michaelb\.nuget\packages\netstandard.library\2.0.3\build\netstandard2.0\ref\System.Data.dll
    C:\Users\michaelb\.nuget\packages\netstandard.library\2.0.3\build\netstandard2.0\ref\System.Diagnostics.Contracts.dll
    C:\Users\michaelb\.nuget\packages\netstandard.library\2.0.3\build\netstandard2.0\ref\System.Diagnostics.Debug.dll
    C:\Users\michaelb\.nuget\packages\netstandard.library\2.0.3\build\netstandard2.0\ref\System.Diagnostics.FileVersionInfo.dll
    C:\Users\michaelb\.nuget\packages\netstandard.library\2.0.3\build\netstandard2.0\ref\System.Diagnostics.Process.dll
    C:\Users\michaelb\.nuget\packages\netstandard.library\2.0.3\build\netstandard2.0\ref\System.Diagnostics.StackTrace.dll
    C:\Users\michaelb\.nuget\packages\netstandard.library\2.0.3\build\netstandard2.0\ref\System.Diagnostics.TextWriterTraceListener.dll
    C:\Users\michaelb\.nuget\packages\netstandard.library\2.0.3\build\netstandard2.0\ref\System.Diagnostics.Tools.dll
    C:\Users\michaelb\.nuget\packages\netstandard.library\2.0.3\build\netstandard2.0\ref\System.Diagnostics.TraceSource.dll
    C:\Users\michaelb\.nuget\packages\netstandard.library\2.0.3\build\netstandard2.0\ref\System.Diagnostics.Tracing.dll
    C:\Users\michaelb\.nuget\packages\netstandard.library\2.0.3\build\netstandard2.0\ref\System.dll
    C:\Users\michaelb\.nuget\packages\netstandard.library\2.0.3\build\netstandard2.0\ref\System.Drawing.dll
    C:\Users\michaelb\.nuget\packages\netstandard.library\2.0.3\build\netstandard2.0\ref\System.Drawing.Primitives.dll
    C:\Users\michaelb\.nuget\packages\netstandard.library\2.0.3\build\netstandard2.0\ref\System.Dynamic.Runtime.dll
    C:\Users\michaelb\.nuget\packages\netstandard.library\2.0.3\build\netstandard2.0\ref\System.Globalization.Calendars.dll
    C:\Users\michaelb\.nuget\packages\netstandard.library\2.0.3\build\netstandard2.0\ref\System.Globalization.dll
    C:\Users\michaelb\.nuget\packages\netstandard.library\2.0.3\build\netstandard2.0\ref\System.Globalization.Extensions.dll
    C:\Users\michaelb\.nuget\packages\netstandard.library\2.0.3\build\netstandard2.0\ref\System.IO.Compression.dll
    C:\Users\michaelb\.nuget\packages\netstandard.library\2.0.3\build\netstandard2.0\ref\System.IO.Compression.FileSystem.dll
    C:\Users\michaelb\.nuget\packages\netstandard.library\2.0.3\build\netstandard2.0\ref\System.IO.Compression.ZipFile.dll
    C:\Users\michaelb\.nuget\packages\netstandard.library\2.0.3\build\netstandard2.0\ref\System.IO.dll
    C:\Users\michaelb\.nuget\packages\netstandard.library\2.0.3\build\netstandard2.0\ref\System.IO.FileSystem.dll
    C:\Users\michaelb\.nuget\packages\netstandard.library\2.0.3\build\netstandard2.0\ref\System.IO.FileSystem.DriveInfo.dll
    C:\Users\michaelb\.nuget\packages\netstandard.library\2.0.3\build\netstandard2.0\ref\System.IO.FileSystem.Primitives.dll
    C:\Users\michaelb\.nuget\packages\netstandard.library\2.0.3\build\netstandard2.0\ref\System.IO.FileSystem.Watcher.dll
    C:\Users\michaelb\.nuget\packages\netstandard.library\2.0.3\build\netstandard2.0\ref\System.IO.IsolatedStorage.dll
    C:\Users\michaelb\.nuget\packages\netstandard.library\2.0.3\build\netstandard2.0\ref\System.IO.MemoryMappedFiles.dll
    C:\Users\michaelb\.nuget\packages\netstandard.library\2.0.3\build\netstandard2.0\ref\System.IO.Pipes.dll
    C:\Users\michaelb\.nuget\packages\netstandard.library\2.0.3\build\netstandard2.0\ref\System.IO.UnmanagedMemoryStream.dll
    C:\Users\michaelb\.nuget\packages\netstandard.library\2.0.3\build\netstandard2.0\ref\System.Linq.dll
    C:\Users\michaelb\.nuget\packages\netstandard.library\2.0.3\build\netstandard2.0\ref\System.Linq.Expressions.dll
    C:\Users\michaelb\.nuget\packages\netstandard.library\2.0.3\build\netstandard2.0\ref\System.Linq.Parallel.dll
    C:\Users\michaelb\.nuget\packages\netstandard.library\2.0.3\build\netstandard2.0\ref\System.Linq.Queryable.dll
    C:\Users\michaelb\.nuget\packages\netstandard.library\2.0.3\build\netstandard2.0\ref\System.Net.dll
    C:\Users\michaelb\.nuget\packages\netstandard.library\2.0.3\build\netstandard2.0\ref\System.Net.Http.dll
    C:\Users\michaelb\.nuget\packages\netstandard.library\2.0.3\build\netstandard2.0\ref\System.Net.NameResolution.dll
    C:\Users\michaelb\.nuget\packages\netstandard.library\2.0.3\build\netstandard2.0\ref\System.Net.NetworkInformation.dll
    C:\Users\michaelb\.nuget\packages\netstandard.library\2.0.3\build\netstandard2.0\ref\System.Net.Ping.dll
    C:\Users\michaelb\.nuget\packages\netstandard.library\2.0.3\build\netstandard2.0\ref\System.Net.Primitives.dll
    C:\Users\michaelb\.nuget\packages\netstandard.library\2.0.3\build\netstandard2.0\ref\System.Net.Requests.dll
    C:\Users\michaelb\.nuget\packages\netstandard.library\2.0.3\build\netstandard2.0\ref\System.Net.Security.dll
    C:\Users\michaelb\.nuget\packages\netstandard.library\2.0.3\build\netstandard2.0\ref\System.Net.Sockets.dll
    C:\Users\michaelb\.nuget\packages\netstandard.library\2.0.3\build\netstandard2.0\ref\System.Net.WebHeaderCollection.dll
    C:\Users\michaelb\.nuget\packages\netstandard.library\2.0.3\build\netstandard2.0\ref\System.Net.WebSockets.Client.dll
    C:\Users\michaelb\.nuget\packages\netstandard.library\2.0.3\build\netstandard2.0\ref\System.Net.WebSockets.dll
    C:\Users\michaelb\.nuget\packages\netstandard.library\2.0.3\build\netstandard2.0\ref\System.Numerics.dll
    C:\Users\michaelb\.nuget\packages\netstandard.library\2.0.3\build\netstandard2.0\ref\System.ObjectModel.dll
    C:\Users\michaelb\.nuget\packages\netstandard.library\2.0.3\build\netstandard2.0\ref\System.Reflection.dll
    C:\Users\michaelb\.nuget\packages\netstandard.library\2.0.3\build\netstandard2.0\ref\System.Reflection.Extensions.dll
    C:\Users\michaelb\.nuget\packages\netstandard.library\2.0.3\build\netstandard2.0\ref\System.Reflection.Primitives.dll
    C:\Users\michaelb\.nuget\packages\netstandard.library\2.0.3\build\netstandard2.0\ref\System.Resources.Reader.dll
    C:\Users\michaelb\.nuget\packages\netstandard.library\2.0.3\build\netstandard2.0\ref\System.Resources.ResourceManager.dll
    C:\Users\michaelb\.nuget\packages\netstandard.library\2.0.3\build\netstandard2.0\ref\System.Resources.Writer.dll
    C:\Users\michaelb\.nuget\packages\netstandard.library\2.0.3\build\netstandard2.0\ref\System.Runtime.CompilerServices.VisualC.dll
    C:\Users\michaelb\.nuget\packages\netstandard.library\2.0.3\build\netstandard2.0\ref\System.Runtime.dll
    C:\Users\michaelb\.nuget\packages\netstandard.library\2.0.3\build\netstandard2.0\ref\System.Runtime.Extensions.dll
    C:\Users\michaelb\.nuget\packages\netstandard.library\2.0.3\build\netstandard2.0\ref\System.Runtime.Handles.dll
    C:\Users\michaelb\.nuget\packages\netstandard.library\2.0.3\build\netstandard2.0\ref\System.Runtime.InteropServices.dll
    C:\Users\michaelb\.nuget\packages\netstandard.library\2.0.3\build\netstandard2.0\ref\System.Runtime.InteropServices.RuntimeInformation.dll
    C:\Users\michaelb\.nuget\packages\netstandard.library\2.0.3\build\netstandard2.0\ref\System.Runtime.Numerics.dll
    C:\Users\michaelb\.nuget\packages\netstandard.library\2.0.3\build\netstandard2.0\ref\System.Runtime.Serialization.dll
    C:\Users\michaelb\.nuget\packages\netstandard.library\2.0.3\build\netstandard2.0\ref\System.Runtime.Serialization.Formatters.dll
    C:\Users\michaelb\.nuget\packages\netstandard.library\2.0.3\build\netstandard2.0\ref\System.Runtime.Serialization.Json.dll
    C:\Users\michaelb\.nuget\packages\netstandard.library\2.0.3\build\netstandard2.0\ref\System.Runtime.Serialization.Primitives.dll
    C:\Users\michaelb\.nuget\packages\netstandard.library\2.0.3\build\netstandard2.0\ref\System.Runtime.Serialization.Xml.dll
    C:\Users\michaelb\.nuget\packages\netstandard.library\2.0.3\build\netstandard2.0\ref\System.Security.Claims.dll
    C:\Users\michaelb\.nuget\packages\netstandard.library\2.0.3\build\netstandard2.0\ref\System.Security.Cryptography.Algorithms.dll
    C:\Users\michaelb\.nuget\packages\netstandard.library\2.0.3\build\netstandard2.0\ref\System.Security.Cryptography.Csp.dll
    C:\Users\michaelb\.nuget\packages\netstandard.library\2.0.3\build\netstandard2.0\ref\System.Security.Cryptography.Encoding.dll
    C:\Users\michaelb\.nuget\packages\netstandard.library\2.0.3\build\netstandard2.0\ref\System.Security.Cryptography.Primitives.dll
    C:\Users\michaelb\.nuget\packages\netstandard.library\2.0.3\build\netstandard2.0\ref\System.Security.Cryptography.X509Certificates.dll
    C:\Users\michaelb\.nuget\packages\netstandard.library\2.0.3\build\netstandard2.0\ref\System.Security.Principal.dll
    C:\Users\michaelb\.nuget\packages\netstandard.library\2.0.3\build\netstandard2.0\ref\System.Security.SecureString.dll
    C:\Users\michaelb\.nuget\packages\netstandard.library\2.0.3\build\netstandard2.0\ref\System.ServiceModel.Web.dll
    C:\Users\michaelb\.nuget\packages\netstandard.library\2.0.3\build\netstandard2.0\ref\System.Text.Encoding.dll
    C:\Users\michaelb\.nuget\packages\netstandard.library\2.0.3\build\netstandard2.0\ref\System.Text.Encoding.Extensions.dll
    C:\Users\michaelb\.nuget\packages\netstandard.library\2.0.3\build\netstandard2.0\ref\System.Text.RegularExpressions.dll
    C:\Users\michaelb\.nuget\packages\netstandard.library\2.0.3\build\netstandard2.0\ref\System.Threading.dll
    C:\Users\michaelb\.nuget\packages\netstandard.library\2.0.3\build\netstandard2.0\ref\System.Threading.Overlapped.dll
    C:\Users\michaelb\.nuget\packages\netstandard.library\2.0.3\build\netstandard2.0\ref\System.Threading.Tasks.dll
    C:\Users\michaelb\.nuget\packages\netstandard.library\2.0.3\build\netstandard2.0\ref\System.Threading.Tasks.Parallel.dll
    C:\Users\michaelb\.nuget\packages\netstandard.library\2.0.3\build\netstandard2.0\ref\System.Threading.Thread.dll
    C:\Users\michaelb\.nuget\packages\netstandard.library\2.0.3\build\netstandard2.0\ref\System.Threading.ThreadPool.dll
    C:\Users\michaelb\.nuget\packages\netstandard.library\2.0.3\build\netstandard2.0\ref\System.Threading.Timer.dll
    C:\Users\michaelb\.nuget\packages\netstandard.library\2.0.3\build\netstandard2.0\ref\System.Transactions.dll
    C:\Users\michaelb\.nuget\packages\netstandard.library\2.0.3\build\netstandard2.0\ref\System.ValueTuple.dll
    C:\Users\michaelb\.nuget\packages\netstandard.library\2.0.3\build\netstandard2.0\ref\System.Web.dll
    C:\Users\michaelb\.nuget\packages\netstandard.library\2.0.3\build\netstandard2.0\ref\System.Windows.dll
    C:\Users\michaelb\.nuget\packages\netstandard.library\2.0.3\build\netstandard2.0\ref\System.Xml.dll
    C:\Users\michaelb\.nuget\packages\netstandard.library\2.0.3\build\netstandard2.0\ref\System.Xml.Linq.dll
    C:\Users\michaelb\.nuget\packages\netstandard.library\2.0.3\build\netstandard2.0\ref\System.Xml.ReaderWriter.dll
    C:\Users\michaelb\.nuget\packages\netstandard.library\2.0.3\build\netstandard2.0\ref\System.Xml.Serialization.dll
    C:\Users\michaelb\.nuget\packages\netstandard.library\2.0.3\build\netstandard2.0\ref\System.Xml.XDocument.dll
    C:\Users\michaelb\.nuget\packages\netstandard.library\2.0.3\build\netstandard2.0\ref\System.Xml.XmlDocument.dll
    C:\Users\michaelb\.nuget\packages\netstandard.library\2.0.3\build\netstandard2.0\ref\System.Xml.XmlSerializer.dll
    C:\Users\michaelb\.nuget\packages\netstandard.library\2.0.3\build\netstandard2.0\ref\System.Xml.XPath.dll
    C:\Users\michaelb\.nuget\packages\netstandard.library\2.0.3\build\netstandard2.0\ref\System.Xml.XPath.XDocument.dll
    Sandcastle.Core, Version=2022.8.14.0, Culture=neutral, PublicKeyToken=c8895f0c125eff20
    SandcastleBuilder.MSBuild, Version=2022.8.14.0, Culture=neutral, PublicKeyToken=c8895f0c125eff20
    SandcastleBuilder.Utils, Version=2022.8.14.0, Culture=neutral, PublicKeyToken=c8895f0c125eff20

Copying XML comments files
    C:\Users\michaelb\source\repos\JsonDOM\JsonDOM\bin\Release\netstandard2.0\JsonDOM.xml -&gt; C:\Users\michaelb\source\repos\JsonDOM\Documentation1\Help\Working\JsonDOM.xml
</buildStep>
<buildStep step="GenerateSharedContent">
Generating shared content files (en-US, English (United States))...
    Last step completed in 00:00:00.0000
</buildStep>
<buildStep step="GenerateApiFilter">
Generating API filter for MRefBuilder...
    Last step completed in 00:00:00.0005
</buildStep>
<buildStep step="GenerateReflectionInfo">
Generating reflection information...
[C:\Program Files\Microsoft Visual Studio\2022\Community\MSBuild\Current\Bin\amd64\MSBuild.exe - GenerateRefInfo-f9a21951-d317-41b0-89c7-c4dd19338db3.proj]
Build started 10/05/2026 12:22:57.

Project &quot;C:\Users\michaelb\source\repos\JsonDOM\Documentation1\Help\Working\GenerateRefInfo-f9a21951-d317-41b0-89c7-c4dd19338db3.proj&quot; on node 1 (default targets).
PrepareForBuild:
  Creating directory &quot;obj\Debug\&quot;.
GenerateRefInfo:
  Microsoft.Build (v17.14.40+3e744208875e56e4bf0bc22c40a1c431fb150987)
  &#184; Microsoft Corporation. All rights reserved.
  No source code context base path specified.  Source context information is unavailable.
  Loaded 1 assemblies for reflection and 124 dependency assemblies.
  Wrote information on 1 namespaces, 9 types, and 34 members
  Merging duplicate type and member information
  Merged 0 duplicate type(s) and 0 duplicate member(s)
Done Building Project &quot;C:\Users\michaelb\source\repos\JsonDOM\Documentation1\Help\Working\GenerateRefInfo-f9a21951-d317-41b0-89c7-c4dd19338db3.proj&quot; (default targets).
    Last step completed in 00:00:01.0797
</buildStep>
<buildStep step="ApplyDocumentModel">
Applying document model to reflection output...
    Last step completed in 00:00:00.0159
</buildStep>
<buildStep step="AddApiTopicFilenames">
Adding topic filenames to API members...
    Unique name 48AC616 generated for M:MichaelBrooks.UK.Json.JsonNode.#ctor(MichaelBrooks.UK.Json.JsonNode,MichaelBrooks.UK.Json.JsonNode.UnexpectedDuplicateSiblingReaction)
    Unique name E3DE67B8 generated for P:MichaelBrooks.UK.Json.JsonNode.Item(System.String)
    Unique name C40E0E2E generated for M:MichaelBrooks.UK.Json.JsonNode.Serialise(System.UInt32)
    Unique name CC2AD9B0 generated for M:MichaelBrooks.UK.Json.JsonParser.ParseJson(System.String,MichaelBrooks.UK.Json.JsonNode.UnexpectedDuplicateSiblingReaction)
    Last step completed in 00:00:00.0000
</buildStep>
<buildStep step="GenerateApiTopicManifest">
Generating API topic manifest...
    Last step completed in 00:00:00.0000
</buildStep>
<buildStep step="GenerateNamespaceSummaries">
Generating namespace summary information...
    Last step completed in 00:00:00.0161
</buildStep>
<buildStep step="GenerateInheritedDocumentation">
Generating inherited documentation...
[C:\Program Files\Microsoft Visual Studio\2022\Community\MSBuild\Current\Bin\amd64\MSBuild.exe - GenerateInheritedDocs.proj]

    Last step completed in 00:00:00.6857
</buildStep>
<buildStep step="CopyConceptualContent">
Copying conceptual content...
Checking for token files...
Checking for code snippets files...
Copying images and creating the media map file...
Generating conceptual topic files
    Parsing topic file &#39;C:\Users\michaelb\source\repos\JsonDOM\Documentation1\Content\Start.aml&#39;
    C:\Users\michaelb\source\repos\JsonDOM\Documentation1\Content\Start.aml -&gt; C:\Users\michaelb\source\repos\JsonDOM\Documentation1\Help\Working\ddueXml\1962b518-d318-4fbb-9b89-f846cd105e34.xml
    Parsing topic file &#39;C:\Users\michaelb\source\repos\JsonDOM\Documentation1\Content\VersionHistory\VersionHistory.aml&#39;
    C:\Users\michaelb\source\repos\JsonDOM\Documentation1\Content\VersionHistory\VersionHistory.aml -&gt; C:\Users\michaelb\source\repos\JsonDOM\Documentation1\Help\Working\ddueXml\b7c64ed4-33dc-479c-815e-8f145d21a352.xml
    Parsing topic file &#39;C:\Users\michaelb\source\repos\JsonDOM\Documentation1\Content\VersionHistory\v1.0.3.aml&#39;
    C:\Users\michaelb\source\repos\JsonDOM\Documentation1\Content\VersionHistory\v1.0.3.aml -&gt; C:\Users\michaelb\source\repos\JsonDOM\Documentation1\Help\Working\ddueXml\8db6ed6f-8c1f-4dbd-8e01-2375b159fa7e.xml
    Parsing topic file &#39;C:\Users\michaelb\source\repos\JsonDOM\Documentation1\Content\VersionHistory\v1.0.2.aml&#39;
    C:\Users\michaelb\source\repos\JsonDOM\Documentation1\Content\VersionHistory\v1.0.2.aml -&gt; C:\Users\michaelb\source\repos\JsonDOM\Documentation1\Help\Working\ddueXml\65404751-8d2b-4fe2-83d6-10bb53b96ecc.xml
    Parsing topic file &#39;C:\Users\michaelb\source\repos\JsonDOM\Documentation1\Content\VersionHistory\v1.0.1.aml&#39;
    C:\Users\michaelb\source\repos\JsonDOM\Documentation1\Content\VersionHistory\v1.0.1.aml -&gt; C:\Users\michaelb\source\repos\JsonDOM\Documentation1\Help\Working\ddueXml\4b1dc3e2-e645-4681-8585-5873dcf10e10.xml
    Parsing topic file &#39;C:\Users\michaelb\source\repos\JsonDOM\Documentation1\Content\VersionHistory\v1.0.0.aml&#39;
    C:\Users\michaelb\source\repos\JsonDOM\Documentation1\Content\VersionHistory\v1.0.0.aml -&gt; C:\Users\michaelb\source\repos\JsonDOM\Documentation1\Help\Working\ddueXml\15629107-3859-4b2e-a9d7-0cfccf7dd831.xml
    Last step completed in 00:00:00.0212
</buildStep>
<buildStep step="CreateConceptualTopicConfigs">
Creating conceptual topic configuration files...
    Companion files
    _ContentMetadata_.xml
    Merging topic IDs into reference topic manifest file
    Last step completed in 00:00:00.0106
</buildStep>
<buildStep step="CopyAdditionalContent">
Copying additional content files...
C:\Users\michaelb\source\repos\JsonDOM\Documentation1\css\Custom.css -&gt; C:\Users\michaelb\source\repos\JsonDOM\Documentation1\Help\Working\Output\Website\css\Custom.css
C:\Users\michaelb\source\repos\JsonDOM\Documentation1\icons\Help.png -&gt; C:\Users\michaelb\source\repos\JsonDOM\Documentation1\Help\Working\Output\Website\icons\Help.png
C:\Users\michaelb\source\repos\JsonDOM\Documentation1\icons\Cloud logo 534x534 white on transparent.gif -&gt; C:\Users\michaelb\source\repos\JsonDOM\Documentation1\Help\Working\Output\Website\icons\Cloud logo 534x534 white on transparent.gif
    Last step completed in 00:00:00.0000
</buildStep>
<buildStep step="MergeTablesOfContents">
Merging conceptual and additional tables of contents...
    Last step completed in 00:00:00.0000
</buildStep>
<buildStep step="GenerateIntermediateTableOfContents">
Generating intermediate table of contents file for API content...
Generating conceptual content intermediate TOC file...
    Last step completed in 00:00:00.0169
</buildStep>
<buildStep step="CreateBuildAssemblerConfigs">
Creating Sandcastle configuration files...
    Last step completed in 00:00:00.0305
</buildStep>
<buildStep step="CombiningIntermediateTocFiles">
Combining conceptual and API intermediate TOC files...
    Last step completed in 00:00:00.0000
</buildStep>
<buildStep step="MergeCustomConfigs">
Merging custom build component configurations
C:\Users\michaelb\source\repos\JsonDOM\Documentation1\Help\Working\BuildAssembler.config
  Updating reference topic configurations.
    Replacing default configuration for &#39;Code Block Component&#39; with the custom configuration
  Updating conceptual topic configurations.
    Replacing default configuration for &#39;Code Block Component&#39; with the custom configuration
    Removing unused ExampleComponent.
    Last step completed in 00:00:00.0000
</buildStep>
<buildStep step="BuildTopics">
Building help topics...
<plugIn name="Website Table of Contents Generator" behavior="Before" priority="1000">
Loading TOC info and adding unique IDs to parent nodes
</plugIn>Loading configuration...
ResolveReferenceLinksComponent: The member ID URL cache &#39;C:\Users\michaelb\AppData\Local\EWSoftware\Sandcastle Help File Builder\Cache\MemberIdUrl.cache&#39; does not exist yet.  All IDs will be looked up in this build which will slow it down.
Processing topics...
SHFB: Warning BE0066: ResolveReferenceLinksComponent: [N:MichaelBrooks.UK.Json] Member ID URL resolver service failed.  No further look ups will be performed for this build.
Reason: The underlying connection was closed: Could not establish trust relationship for the SSL/TLS secure channel.
The remote certificate is invalid according to the validation procedure.
Processed 53 topic(s)
1 warning(s)
CopyFromIndexComponent: &quot;metadata&quot; in-memory cache entries used: 1 of 15.
ResolveArtLinksComponent: Copying media files...
CopyFromIndexComponent: &quot;reflection&quot; in-memory cache entries used: 3 of 15.
CopyFromIndexComponent: &quot;comments&quot; in-memory cache entries used: 3 of 30.
<plugIn name="Website Table of Contents Generator" behavior="After" priority="1000">
Generating TOC fragment files
</plugIn>    Last step completed in 00:00:01.5043
</buildStep>
<buildStep step="CopyStandardHelpContent">
Copying standard help content...
C:\Program Files (x86)\EWSoftware\Sandcastle Help File Builder\Components\Default2022\css\bulma.css -&gt; C:\Users\michaelb\source\repos\JsonDOM\Documentation1\Help\Working\Output\Website\css\bulma.css
C:\Program Files (x86)\EWSoftware\Sandcastle Help File Builder\Components\Default2022\css\bulma.css.map -&gt; C:\Users\michaelb\source\repos\JsonDOM\Documentation1\Help\Working\Output\Website\css\bulma.css.map
C:\Program Files (x86)\EWSoftware\Sandcastle Help File Builder\Components\Default2022\css\bulma.min.css -&gt; C:\Users\michaelb\source\repos\JsonDOM\Documentation1\Help\Working\Output\Website\css\bulma.min.css
C:\Program Files (x86)\EWSoftware\Sandcastle Help File Builder\Components\Default2022\css\font-awesome.css -&gt; C:\Users\michaelb\source\repos\JsonDOM\Documentation1\Help\Working\Output\Website\css\font-awesome.css
C:\Program Files (x86)\EWSoftware\Sandcastle Help File Builder\Components\Default2022\css\font-awesome.min.css -&gt; C:\Users\michaelb\source\repos\JsonDOM\Documentation1\Help\Working\Output\Website\css\font-awesome.min.css
C:\Program Files (x86)\EWSoftware\Sandcastle Help File Builder\Components\Default2022\css\ja-JP.css -&gt; C:\Users\michaelb\source\repos\JsonDOM\Documentation1\Help\Working\Output\Website\css\ja-JP.css
C:\Program Files (x86)\EWSoftware\Sandcastle Help File Builder\Components\Default2022\css\ko-KR.css -&gt; C:\Users\michaelb\source\repos\JsonDOM\Documentation1\Help\Working\Output\Website\css\ko-KR.css
C:\Program Files (x86)\EWSoftware\Sandcastle Help File Builder\Components\Default2022\css\presentationStyle.css -&gt; C:\Users\michaelb\source\repos\JsonDOM\Documentation1\Help\Working\Output\Website\css\presentationStyle.css
C:\Program Files (x86)\EWSoftware\Sandcastle Help File Builder\Components\Default2022\css\vs.min.css -&gt; C:\Users\michaelb\source\repos\JsonDOM\Documentation1\Help\Working\Output\Website\css\vs.min.css
C:\Program Files (x86)\EWSoftware\Sandcastle Help File Builder\Components\Default2022\css\zh-CN.css -&gt; C:\Users\michaelb\source\repos\JsonDOM\Documentation1\Help\Working\Output\Website\css\zh-CN.css
C:\Program Files (x86)\EWSoftware\Sandcastle Help File Builder\Components\Default2022\css\zh-TW.css -&gt; C:\Users\michaelb\source\repos\JsonDOM\Documentation1\Help\Working\Output\Website\css\zh-TW.css
C:\Program Files (x86)\EWSoftware\Sandcastle Help File Builder\Components\Default2022\icons\favicon.ico -&gt; C:\Users\michaelb\source\repos\JsonDOM\Documentation1\Help\Working\Output\Website\icons\favicon.ico
C:\Program Files (x86)\EWSoftware\Sandcastle Help File Builder\Components\Default2022\scripts\clipboard.min.js -&gt; C:\Users\michaelb\source\repos\JsonDOM\Documentation1\Help\Working\Output\Website\scripts\clipboard.min.js
C:\Program Files (x86)\EWSoftware\Sandcastle Help File Builder\Components\Default2022\scripts\highlight.min.js -&gt; C:\Users\michaelb\source\repos\JsonDOM\Documentation1\Help\Working\Output\Website\scripts\highlight.min.js
C:\Program Files (x86)\EWSoftware\Sandcastle Help File Builder\Components\Default2022\scripts\jquery-3.5.1.min.js -&gt; C:\Users\michaelb\source\repos\JsonDOM\Documentation1\Help\Working\Output\Website\scripts\jquery-3.5.1.min.js
C:\Program Files (x86)\EWSoftware\Sandcastle Help File Builder\Components\Default2022\scripts\presentationStyle.js -&gt; C:\Users\michaelb\source\repos\JsonDOM\Documentation1\Help\Working\Output\Website\scripts\presentationStyle.js
C:\Program Files (x86)\EWSoftware\Sandcastle Help File Builder\Components\Default2022\webfonts\fa-brands-400.ttf -&gt; C:\Users\michaelb\source\repos\JsonDOM\Documentation1\Help\Working\Output\Website\webfonts\fa-brands-400.ttf
C:\Program Files (x86)\EWSoftware\Sandcastle Help File Builder\Components\Default2022\webfonts\fa-brands-400.woff2 -&gt; C:\Users\michaelb\source\repos\JsonDOM\Documentation1\Help\Working\Output\Website\webfonts\fa-brands-400.woff2
C:\Program Files (x86)\EWSoftware\Sandcastle Help File Builder\Components\Default2022\webfonts\fa-regular-400.ttf -&gt; C:\Users\michaelb\source\repos\JsonDOM\Documentation1\Help\Working\Output\Website\webfonts\fa-regular-400.ttf
C:\Program Files (x86)\EWSoftware\Sandcastle Help File Builder\Components\Default2022\webfonts\fa-regular-400.woff2 -&gt; C:\Users\michaelb\source\repos\JsonDOM\Documentation1\Help\Working\Output\Website\webfonts\fa-regular-400.woff2
C:\Program Files (x86)\EWSoftware\Sandcastle Help File Builder\Components\Default2022\webfonts\fa-solid-900.ttf -&gt; C:\Users\michaelb\source\repos\JsonDOM\Documentation1\Help\Working\Output\Website\webfonts\fa-solid-900.ttf
C:\Program Files (x86)\EWSoftware\Sandcastle Help File Builder\Components\Default2022\webfonts\fa-solid-900.woff2 -&gt; C:\Users\michaelb\source\repos\JsonDOM\Documentation1\Help\Working\Output\Website\webfonts\fa-solid-900.woff2
C:\Program Files (x86)\EWSoftware\Sandcastle Help File Builder\Components\Default2022\webfonts\fa-v4compatibility.ttf -&gt; C:\Users\michaelb\source\repos\JsonDOM\Documentation1\Help\Working\Output\Website\webfonts\fa-v4compatibility.ttf
C:\Program Files (x86)\EWSoftware\Sandcastle Help File Builder\Components\Default2022\webfonts\fa-v4compatibility.woff2 -&gt; C:\Users\michaelb\source\repos\JsonDOM\Documentation1\Help\Working\Output\Website\webfonts\fa-v4compatibility.woff2
C:\Program Files (x86)\EWSoftware\Sandcastle Help File Builder\Components\Default2022\RootWebsiteContent\GeneralError.html -&gt; C:\Users\michaelb\source\repos\JsonDOM\Documentation1\Help\Working\Output\Website\GeneralError.html
C:\Program Files (x86)\EWSoftware\Sandcastle Help File Builder\Components\Default2022\RootWebsiteContent\index.html -&gt; C:\Users\michaelb\source\repos\JsonDOM\Documentation1\Help\Working\Output\Website\index.html
C:\Program Files (x86)\EWSoftware\Sandcastle Help File Builder\Components\Default2022\RootWebsiteContent\PageNotFound.html -&gt; C:\Users\michaelb\source\repos\JsonDOM\Documentation1\Help\Working\Output\Website\PageNotFound.html
C:\Program Files (x86)\EWSoftware\Sandcastle Help File Builder\Components\Default2022\RootWebsiteContent\search.html -&gt; C:\Users\michaelb\source\repos\JsonDOM\Documentation1\Help\Working\Output\Website\search.html
C:\Program Files (x86)\EWSoftware\Sandcastle Help File Builder\Components\Default2022\RootWebsiteContent\SearchHelp.aspx -&gt; C:\Users\michaelb\source\repos\JsonDOM\Documentation1\Help\Working\Output\Website\SearchHelp.aspx
C:\Program Files (x86)\EWSoftware\Sandcastle Help File Builder\Components\Default2022\RootWebsiteContent\SearchHelp.inc.php -&gt; C:\Users\michaelb\source\repos\JsonDOM\Documentation1\Help\Working\Output\Website\SearchHelp.inc.php
C:\Program Files (x86)\EWSoftware\Sandcastle Help File Builder\Components\Default2022\RootWebsiteContent\SearchHelp.php -&gt; C:\Users\michaelb\source\repos\JsonDOM\Documentation1\Help\Working\Output\Website\SearchHelp.php
C:\Program Files (x86)\EWSoftware\Sandcastle Help File Builder\Components\Default2022\RootWebsiteContent\Web.Config -&gt; C:\Users\michaelb\source\repos\JsonDOM\Documentation1\Help\Working\Output\Website\Web.Config
    Last step completed in 00:00:00.0902
</buildStep>
<buildStep step="GenerateFullTextIndex">
Generating full-text index for the website...

    Last step completed in 00:00:00.0441
</buildStep>
<buildStep step="CopyingWebsiteFiles">
Copying website files to output folder...

Copied 132 files for the website content
    Last step completed in 00:00:00.1800
</buildStep>
<buildStep step="CleanIntermediates">
Removing intermediate files...
    Last step completed in 00:00:00.0423
</buildStep>
<buildStep step="Completed">

Build completed successfully at 10/05/2026 12:23:00.  Total time: 00:00:04.5332

</buildStep>
</shfbBuild>
